49/11/2024 10:49:08 PM Team C Player X -- Waived
